Nothing to build in platform 'hello_world_minized_platform'

19:17:19 **** Build of configuration Debug for project Hello_wrold_application ****
make all 
make --no-print-directory pre-build
a9-linaro-pre-build-step
' '
make --no-print-directory main-build
'Building file: ../src/helloworld.c'
'Invoking: ARM v7 gcc compiler'
arm-none-eabi-gcc -Wall -O0 -g3 -c -fmessage-length=0 -MT"src/helloworld.o" -mcpu=cortex-a9 -mfpu=vfpv3 -mfloat-abi=hard -ID:/Licenta/HelloWorldZynq/hello_world_minized_platform/export/hello_world_minized_platform/sw/hello_world_minized_platform/standalone_domain/bspinclude/include -MMD -MP -MF"src/helloworld.d" -MT"src/helloworld.o" -o "src/helloworld.o" "../src/helloworld.c"
'Finished building: ../src/helloworld.c'
' '
'Building file: ../src/platform.c'
'Invoking: ARM v7 gcc compiler'
arm-none-eabi-gcc -Wall -O0 -g3 -c -fmessage-length=0 -MT"src/platform.o" -mcpu=cortex-a9 -mfpu=vfpv3 -mfloat-abi=hard -ID:/Licenta/HelloWorldZynq/hello_world_minized_platform/export/hello_world_minized_platform/sw/hello_world_minized_platform/standalone_domain/bspinclude/include -MMD -MP -MF"src/platform.d" -MT"src/platform.o" -o "src/platform.o" "../src/platform.c"
'Finished building: ../src/platform.c'
' '
'Building target: Hello_wrold_application.elf'
'Invoking: ARM v7 gcc linker'
arm-none-eabi-gcc -mcpu=cortex-a9 -mfpu=vfpv3 -mfloat-abi=hard -Wl,-build-id=none -specs=Xilinx.spec -Wl,-T -Wl,../src/lscript.ld -LD:/Licenta/HelloWorldZynq/hello_world_minized_platform/export/hello_world_minized_platform/sw/hello_world_minized_platform/standalone_domain/bsplib/lib -o "Hello_wrold_application.elf"  ./src/helloworld.o ./src/platform.o   -Wl,--start-group,-lxil,-lgcc,-lc,--end-group
'Finished building target: Hello_wrold_application.elf'
' '
'Invoking: ARM v7 Print Size'
arm-none-eabi-size Hello_wrold_application.elf  |tee "Hello_wrold_application.elf.size"
   text	   data	    bss	    dec	    hex	filename
  19104	   1144	  22568	  42816	   a740	Hello_wrold_application.elf
'Finished building: Hello_wrold_application.elf.size'
' '
19:17:20 **** Build of configuration Debug for project Hello_wrold_application_system ****
make all 
Generating bif file for the system project
generate_system_bif.bat 58937 D:/Licenta/HelloWorldZynq/hello_world_minized_platform/export/hello_world_minized_platform/hello_world_minized_platform.xpfm standalone_domain D:/Licenta/HelloWorldZynq/Hello_wrold_application_system/Debug/system.bif
sdcard_gen --xpfm D:/Licenta/HelloWorldZynq/hello_world_minized_platform/export/hello_world_minized_platform/hello_world_minized_platform.xpfm --sys_config hello_world_minized_platform --bif D:/Licenta/HelloWorldZynq/Hello_wrold_application_system/Debug/system.bif --bitstream D:/Licenta/HelloWorldZynq/Hello_wrold_application/_ide/bitstream/design_1_wrapper.bit --elf D:/Licenta/HelloWorldZynq/Hello_wrold_application/Debug/Hello_wrold_application.elf,ps7_cortexa9_0
creating BOOT.BIN using D:/Licenta/HelloWorldZynq/Hello_wrold_application/_ide/bitstream/design_1_wrapper.bit
Running R:/Xilinx/Vitis/2022.2/bin/bootgen  -image D:/Licenta/HelloWorldZynq/Hello_wrold_application_system/Debug/sd_card_temp/boot.bif -w -o i BOOT.BIN
