19:17:19 **** Build of configuration Debug for project Hello_wrold_application ****
make all 
make --no-print-directory pre-build
a9-linaro-pre-build-step
' '
make --no-print-directory main-build
'Building file: ../src/helloworld.c'
'Invoking: ARM v7 gcc compiler'
arm-none-eabi-gcc -Wall -O0 -g3 -c -fmessage-length=0 -MT"src/helloworld.o" -mcpu=cortex-a9 -mfpu=vfpv3 -mfloat-abi=hard -ID:/Licenta/HelloWorldZynq/hello_world_minized_platform/export/hello_world_minized_platform/sw/hello_world_minized_platform/standalone_domain/bspinclude/include -MMD -MP -MF"src/helloworld.d" -MT"src/helloworld.o" -o "src/helloworld.o" "../src/helloworld.c"
'Finished building: ../src/helloworld.c'
' '
'Building file: ../src/platform.c'
'Invoking: ARM v7 gcc compiler'
arm-none-eabi-gcc -Wall -O0 -g3 -c -fmessage-length=0 -MT"src/platform.o" -mcpu=cortex-a9 -mfpu=vfpv3 -mfloat-abi=hard -ID:/Licenta/HelloWorldZynq/hello_world_minized_platform/export/hello_world_minized_platform/sw/hello_world_minized_platform/standalone_domain/bspinclude/include -MMD -MP -MF"src/platform.d" -MT"src/platform.o" -o "src/platform.o" "../src/platform.c"
'Finished building: ../src/platform.c'
' '
'Building target: Hello_wrold_application.elf'
'Invoking: ARM v7 gcc linker'
arm-none-eabi-gcc -mcpu=cortex-a9 -mfpu=vfpv3 -mfloat-abi=hard -Wl,-build-id=none -specs=Xilinx.spec -Wl,-T -Wl,../src/lscript.ld -LD:/Licenta/HelloWorldZynq/hello_world_minized_platform/export/hello_world_minized_platform/sw/hello_world_minized_platform/standalone_domain/bsplib/lib -o "Hello_wrold_application.elf"  ./src/helloworld.o ./src/platform.o   -Wl,--start-group,-lxil,-lgcc,-lc,--end-group
'Finished building target: Hello_wrold_application.elf'
' '
'Invoking: ARM v7 Print Size'
arm-none-eabi-size Hello_wrold_application.elf  |tee "Hello_wrold_application.elf.size"
   text	   data	    bss	    dec	    hex	filename
  19104	   1144	  22568	  42816	   a740	Hello_wrold_application.elf
'Finished building: Hello_wrold_application.elf.size'
' '

19:17:20 Build Finished (took 1s.306ms)

